// Jest Snapshot v1, https://goo.gl/fbAQLP

exports[`Login renders correctly 1`] = `ReactWrapper {}`;

exports[`Login should work 1`] = `ReactWrapper {}`;
